// Jest Snapshot v1, https://goo.gl/fbAQLP

exports[`Calcular changes the result when user input value 1`] = `
<div
  className="_calculator"
>
  <div
    className="screen-control"
  >
    <div
      className="result"
    >
      0
    </div>
    <div
      className="content-calculator"
    >
      0
    </div>
  </div>
  <div
    className="button-control"
  >
    <div
      className="wrapper"
    >
      <button
        className="btn-control merce-3-row"
        onMouseDown={[Function]}
        onMouseLeave={[Function]}
        onMouseUp={[Function]}
        onTouchEnd={[Function]}
        onTouchStart={[Function]}
      >
        Clear
      </button>
      <button
        className="btn-control"
        onClick={[Function]}
      >
        /
      </button>
      <button
        className="btn-control"
        onClick={[Function]}
      >
        7
      </button>
      <button
        className="btn-control"
        onClick={[Function]}
      >
        8
      </button>
      <button
        className="btn-control"
        onClick={[Function]}
      >
        9
      </button>
      <button
        className="btn-control"
        onClick={[Function]}
      >
        -
      </button>
      <button
        className="btn-control"
        onClick={[Function]}
      >
        4
      </button>
      <button
        className="btn-control"
        onClick={[Function]}
      >
        5
      </button>
      <button
        className="btn-control"
        onClick={[Function]}
      >
        6
      </button>
      <button
        className="btn-control"
        onClick={[Function]}
      >
        +
      </button>
      <button
        className="btn-control"
        onClick={[Function]}
      >
        1
      </button>
      <button
        className="btn-control"
        onClick={[Function]}
      >
        2
      </button>
      <button
        className="btn-control"
        onClick={[Function]}
      >
        3
      </button>
      <button
        className="btn-control"
        onClick={[Function]}
      >
        =
      </button>
    </div>
  </div>
</div>
`;
